// Jest Snapshot v1, https://goo.gl/fbAQLP

exports[`renders without crashing 1`] = `
<div
  className="tc"
>
  <Memo() />
  <SearchBox />
  <Scroll>
    <ErrorBoundary>
      <CardList
        robots={Array []}
      />
    </ErrorBoundary>
  </Scroll>
</div>
`;
